<html>
<body>
<pre>
<h1>µVision Build Log</h1>
<h2>Tool Versions:</h2>
IDE-Version: ¦ÌVision V5.28.0.0
Copyright (C) 2019 ARM Ltd and ARM Germany GmbH. All rights reserved.
License Information: 1 xiao, 1, LIC=NHYFW-QJW4F-67DRS-LYTE1-DEABS-XBHYZ
 
Tool Versions:
Toolchain:       MDK-ARM Professional  Version: 5.28.0.0
Toolchain Path:  d:\Keil_v5\ARM\ARMCC\Bin
C Compiler:      Armcc.exe V5.06 update 6 (build 750)
Assembler:       Armasm.exe V5.06 update 6 (build 750)
Linker/Locator:  ArmLink.exe V5.06 update 6 (build 750)
Library Manager: ArmAr.exe V5.06 update 6 (build 750)
Hex Converter:   FromElf.exe V5.06 update 6 (build 750)
CPU DLL:         SARMCM3.DLL V5.28.0.0
Dialog DLL:      DCM.DLL V1.17.3.0
Target DLL:      STLink\ST-LINKIII-KEIL_SWO.dll V3.0.6.0
Dialog DLL:      TCM.DLL V1.36.2.0
 
<h2>Project:</h2>
E:\work\STM32F7\Project\STM32746G-Discovery\STM32746G_litte_prj1\user_LL\MDK-ARM\Project.uvprojx
Project File Date:  07/14/2019

<h2>Output:</h2>
*** Using Compiler 'V5.06 update 6 (build 750)', folder: 'd:\Keil_v5\ARM\ARMCC\Bin'
Rebuild target 'STM32F746G_ITCM_FLASH'
compiling stm32f7xx_ll_exti.c...
compiling stm32f7xx_ll_crc.c...
compiling stm32f7xx_ll_dma.c...
compiling stm32f7xx_ll_i2c.c...
compiling stm32f7xx_ll_rng.c...
compiling stm32f7xx_ll_rcc.c...
compiling stm32f7xx_ll_tim.c...
compiling stm32f7xx_ll_utils.c...
compiling stm32f7xx_ll_adc.c...
compiling stm32f7xx_ll_dma2d.c...
compiling stm32f7xx_ll_spi.c...
compiling stm32f7xx_ll_usart.c...
compiling stm32f7xx_ll_dac.c...
compiling stm32f7xx_ll_gpio.c...
compiling stm32f7xx_ll_pwr.c...
compiling system_stm32f7xx.c...
assembling startup_stm32f746xx.s...
compiling stm32f7xx_it.c...
compiling main.c...
linking...
Program Size: Code=620 RO-data=488 RW-data=8 ZI-data=1024  
FromELF: creating hex file...
After Build - User command #1: fromelf --bin -o "E:\work\STM32F7\Project\STM32746G-Discovery\STM32746G_litte_prj1\user_LL\MDK-ARM\STM32F746G_ITCM_FLASH\STM32F746G_ITCM_FLASH.bin" "E:\work\STM32F7\Project\STM32746G-Discovery\STM32746G_litte_prj1\user_LL\MDK-ARM\STM32F746G_ITCM_FLASH\STM32F746G_ITCM_FLASH.axf"
".\STM32F746G_ITCM_FLASH\STM32F746G_ITCM_FLASH.axf" - 0 Error(s), 0 Warning(s).

<h2>Software Packages used:</h2>

Package Vendor: ARM
                http://www.keil.com/pack/ARM.CMSIS.5.5.1.pack
                ARM.CMSIS.5.5.1
                CMSIS (Cortex Microcontroller Software Interface Standard)
   * Component: CORE Version: 5.2.0

Package Vendor: Keil
                http://www.keil.com/pack/Keil.STM32F7xx_DFP.2.11.0.pack
                Keil.STM32F7xx_DFP.2.11.0
                STMicroelectronics STM32F7 Series Device Support, Drivers and Examples

<h2>Collection of Component include folders:</h2>
  .\RTE\_STM32F746G_ITCM_FLASH
  d:\Keil_v5\ARM\PACK\ARM\CMSIS\5.5.1\CMSIS\Core\Include
  d:\Keil_v5\ARM\PACK\Keil\STM32F7xx_DFP\2.11.0\Drivers\CMSIS\Device\ST\STM32F7xx\Include

<h2>Collection of Component Files used:</h2>

   * Component: ARM::CMSIS:CORE:5.2.0
Build Time Elapsed:  00:00:24
</pre>
</body>
</html>
